package main

import (
	"fmt"
)

func main() {
	Reachable()
}

func init() {
	s := myString{Value: "hello"}
	s.Reachable()
}

func Reachable() {
	fmt.Println("reachable")
}

func ReachableByTest() {
	fmt.Println("reachableByTest")
}

var _ fmt.Stringer = myString{}

type myString struct {
	Value string
}

// NOTE: This function is unreachable but it is neccessary to implement the fmt.Stringer interface

func (s myString) Reachable() {
	return
}
